------------------------------------------------------------
TimeQuest Timing Analyzer Summary
------------------------------------------------------------

Type  : Slow 1200mV 85C Model Setup 'pr_state.WriteData4'
Slack : -7.134
TNS   : -37.646

Type  : Slow 1200mV 85C Model Setup 'MAX10_CLK1_50'
Slack : -6.512
TNS   : -319.912

Type  : Slow 1200mV 85C Model Setup 'E'
Slack : -0.976
TNS   : -5.896

Type  : Slow 1200mV 85C Model Hold 'E'
Slack : 0.309
TNS   : 0.000

Type  : Slow 1200mV 85C Model Hold 'pr_state.WriteData4'
Slack : 0.313
TNS   : 0.000

Type  : Slow 1200mV 85C Model Hold 'MAX10_CLK1_50'
Slack : 0.375
TNS   : 0.000

Type  : Slow 1200mV 85C Model Minimum Pulse Width 'MAX10_CLK1_50'
Slack : -3.000
TNS   : -86.000

Type  : Slow 1200mV 85C Model Minimum Pulse Width 'E'
Slack : -1.000
TNS   : -34.000

Type  : Slow 1200mV 85C Model Minimum Pulse Width 'pr_state.WriteData4'
Slack : 0.459
TNS   : 0.000

Type  : Slow 1200mV 0C Model Setup 'pr_state.WriteData4'
Slack : -6.351
TNS   : -33.352

Type  : Slow 1200mV 0C Model Setup 'MAX10_CLK1_50'
Slack : -5.865
TNS   : -285.149

Type  : Slow 1200mV 0C Model Setup 'E'
Slack : -0.878
TNS   : -3.360

Type  : Slow 1200mV 0C Model Hold 'E'
Slack : 0.295
TNS   : 0.000

Type  : Slow 1200mV 0C Model Hold 'pr_state.WriteData4'
Slack : 0.308
TNS   : 0.000

Type  : Slow 1200mV 0C Model Hold 'MAX10_CLK1_50'
Slack : 0.339
TNS   : 0.000

Type  : Slow 1200mV 0C Model Minimum Pulse Width 'MAX10_CLK1_50'
Slack : -3.000
TNS   : -86.000

Type  : Slow 1200mV 0C Model Minimum Pulse Width 'E'
Slack : -1.000
TNS   : -34.000

Type  : Slow 1200mV 0C Model Minimum Pulse Width 'pr_state.WriteData4'
Slack : 0.412
TNS   : 0.000

Type  : Fast 1200mV 0C Model Setup 'pr_state.WriteData4'
Slack : -2.252
TNS   : -10.496

Type  : Fast 1200mV 0C Model Setup 'MAX10_CLK1_50'
Slack : -2.137
TNS   : -85.856

Type  : Fast 1200mV 0C Model Setup 'E'
Slack : 0.064
TNS   : 0.000

Type  : Fast 1200mV 0C Model Hold 'pr_state.WriteData4'
Slack : 0.047
TNS   : 0.000

Type  : Fast 1200mV 0C Model Hold 'E'
Slack : 0.083
TNS   : 0.000

Type  : Fast 1200mV 0C Model Hold 'MAX10_CLK1_50'
Slack : 0.142
TNS   : 0.000

Type  : Fast 1200mV 0C Model Minimum Pulse Width 'MAX10_CLK1_50'
Slack : -3.000
TNS   : -101.242

Type  : Fast 1200mV 0C Model Minimum Pulse Width 'E'
Slack : -1.000
TNS   : -34.000

Type  : Fast 1200mV 0C Model Minimum Pulse Width 'pr_state.WriteData4'
Slack : 0.292
TNS   : 0.000

------------------------------------------------------------
