------------------------------------------------------------
TimeQuest Timing Analyzer Summary
------------------------------------------------------------

Type  : Slow 1200mV 85C Model Setup 'pr_state.WriteData4'
Slack : -7.264
TNS   : -36.090

Type  : Slow 1200mV 85C Model Setup 'MAX10_CLK1_50'
Slack : -6.992
TNS   : -325.331

Type  : Slow 1200mV 85C Model Setup 'E'
Slack : -1.012
TNS   : -7.876

Type  : Slow 1200mV 85C Model Hold 'pr_state.WriteData4'
Slack : 0.158
TNS   : 0.000

Type  : Slow 1200mV 85C Model Hold 'E'
Slack : 0.225
TNS   : 0.000

Type  : Slow 1200mV 85C Model Hold 'MAX10_CLK1_50'
Slack : 0.374
TNS   : 0.000

Type  : Slow 1200mV 85C Model Minimum Pulse Width 'MAX10_CLK1_50'
Slack : -3.000
TNS   : -86.000

Type  : Slow 1200mV 85C Model Minimum Pulse Width 'E'
Slack : -1.000
TNS   : -27.000

Type  : Slow 1200mV 85C Model Minimum Pulse Width 'pr_state.WriteData4'
Slack : 0.450
TNS   : 0.000

Type  : Slow 1200mV 0C Model Setup 'pr_state.WriteData4'
Slack : -6.493
TNS   : -31.958

Type  : Slow 1200mV 0C Model Setup 'MAX10_CLK1_50'
Slack : -6.285
TNS   : -288.806

Type  : Slow 1200mV 0C Model Setup 'E'
Slack : -0.885
TNS   : -5.304

Type  : Slow 1200mV 0C Model Hold 'pr_state.WriteData4'
Slack : 0.137
TNS   : 0.000

Type  : Slow 1200mV 0C Model Hold 'E'
Slack : 0.218
TNS   : 0.000

Type  : Slow 1200mV 0C Model Hold 'MAX10_CLK1_50'
Slack : 0.337
TNS   : 0.000

Type  : Slow 1200mV 0C Model Minimum Pulse Width 'MAX10_CLK1_50'
Slack : -3.000
TNS   : -86.000

Type  : Slow 1200mV 0C Model Minimum Pulse Width 'E'
Slack : -1.000
TNS   : -27.000

Type  : Slow 1200mV 0C Model Minimum Pulse Width 'pr_state.WriteData4'
Slack : 0.401
TNS   : 0.000

Type  : Fast 1200mV 0C Model Setup 'pr_state.WriteData4'
Slack : -2.284
TNS   : -9.933

Type  : Fast 1200mV 0C Model Setup 'MAX10_CLK1_50'
Slack : -2.281
TNS   : -86.382

Type  : Fast 1200mV 0C Model Setup 'E'
Slack : 0.060
TNS   : 0.000

Type  : Fast 1200mV 0C Model Hold 'pr_state.WriteData4'
Slack : 0.046
TNS   : 0.000

Type  : Fast 1200mV 0C Model Hold 'E'
Slack : 0.047
TNS   : 0.000

Type  : Fast 1200mV 0C Model Hold 'MAX10_CLK1_50'
Slack : 0.141
TNS   : 0.000

Type  : Fast 1200mV 0C Model Minimum Pulse Width 'MAX10_CLK1_50'
Slack : -3.000
TNS   : -101.168

Type  : Fast 1200mV 0C Model Minimum Pulse Width 'E'
Slack : -1.000
TNS   : -27.000

Type  : Fast 1200mV 0C Model Minimum Pulse Width 'pr_state.WriteData4'
Slack : 0.280
TNS   : 0.000

------------------------------------------------------------
