------------------------------------------------------------
TimeQuest Timing Analyzer Summary
------------------------------------------------------------

Type  : Slow 1200mV 85C Model Setup 'MAX10_CLK1_50'
Slack : -3.884
TNS   : -32.647

Type  : Slow 1200mV 85C Model Setup 'E'
Slack : -0.083
TNS   : -0.179

Type  : Slow 1200mV 85C Model Hold 'E'
Slack : 0.444
TNS   : 0.000

Type  : Slow 1200mV 85C Model Hold 'MAX10_CLK1_50'
Slack : 0.628
TNS   : 0.000

Type  : Slow 1200mV 85C Model Minimum Pulse Width 'MAX10_CLK1_50'
Slack : -3.000
TNS   : -20.000

Type  : Slow 1200mV 85C Model Minimum Pulse Width 'E'
Slack : -1.000
TNS   : -13.000

Type  : Slow 1200mV 0C Model Setup 'MAX10_CLK1_50'
Slack : -3.489
TNS   : -28.163

Type  : Slow 1200mV 0C Model Setup 'E'
Slack : 0.011
TNS   : 0.000

Type  : Slow 1200mV 0C Model Hold 'E'
Slack : 0.415
TNS   : 0.000

Type  : Slow 1200mV 0C Model Hold 'MAX10_CLK1_50'
Slack : 0.577
TNS   : 0.000

Type  : Slow 1200mV 0C Model Minimum Pulse Width 'MAX10_CLK1_50'
Slack : -3.000
TNS   : -20.000

Type  : Slow 1200mV 0C Model Minimum Pulse Width 'E'
Slack : -1.000
TNS   : -13.000

Type  : Fast 1200mV 0C Model Setup 'MAX10_CLK1_50'
Slack : -0.993
TNS   : -4.953

Type  : Fast 1200mV 0C Model Setup 'E'
Slack : 0.559
TNS   : 0.000

Type  : Fast 1200mV 0C Model Hold 'MAX10_CLK1_50'
Slack : 0.159
TNS   : 0.000

Type  : Fast 1200mV 0C Model Hold 'E'
Slack : 0.166
TNS   : 0.000

Type  : Fast 1200mV 0C Model Minimum Pulse Width 'MAX10_CLK1_50'
Slack : -3.000
TNS   : -23.128

Type  : Fast 1200mV 0C Model Minimum Pulse Width 'E'
Slack : -1.000
TNS   : -13.000

------------------------------------------------------------
